data.csv
Year,RegionName,AveragePrice,12m%Change,SalesVolume,FlatPrice,Flat12m%Change,MortgagePrice,Mortgage12m%Change,FTBPrice,FTB12m%Change,FOOPrice,FOO12m%Change
2013,Barking and Dagenham,173733.62493333334,4.737982869583333,149.0,136009.44161666665,3.8045623085,174254.47423333334,4.598485017833334,164790.53018333335,4.4453685641666665,187952.61430833334,4.734286601
2014,Barking and Dagenham,201172.22941666667,15.713455930083333,188.25,157176.49455833333,15.491880253333335,201828.06758333335,15.7433657115,190849.80551666662,15.733039351833332,217539.63211666667,15.66255071941667
2015,Barking and Dagenham,233460.10742499997,16.114781876666665,200.41666666666666,182139.42955,15.95032836583333,234179.169975,16.0947207625,221528.6532416667,16.142821816666668,252356.41267500003,16.06508646916667
2016,Barking and Dagenham,273919.6360416666,17.41822144916667,183.58333333333334,213901.9237,17.479363995000003,274728.51208333333,17.404836706666668,259890.5474583333,17.40367019583333,296141.2297083333,17.439824259166667
2017,Barking and Dagenham,287734.71735833335,5.1863113878333325,172.5,228490.14873333334,6.912774639416667,288428.4024583334,5.1318186755,273127.90280833334,5.231014407916667,310553.18805,5.018206890416667
2018,Barking and Dagenham,295185.125625,2.6065673899166666,161.33333333333334,231043.29,1.14617921875,295916.07360000006,2.6133910105,279862.9788166667,2.4853211375833335,319338.0153916666,2.8417439454166664
2019,Barking and Dagenham,298207.10233333334,1.0273370460833333,140.08333333333334,229612.041275,-0.6155696271666667,298966.93467499997,1.03466342125,282418.0768166666,0.916590007,323305.59931666666,1.2456389634166667
2020,Barking and Dagenham,300836.13397500006,0.8900974724166666,112.83333333333333,228274.0257,-0.5702931442499999,301654.2930333333,0.9073018185,284773.2851666667,0.8423977875,326526.77883333334,1.0050529379166664
2021,Barking and Dagenham,315331.6790808333,4.827774716133333,149.41666666666666,233999.59640583335,2.5226580192749997,316373.55288916663,4.888702682775,298319.0374375,4.766773925841666,342685.97152,4.9566719389500005
2022,Barking and Dagenham,345923.78576249996,9.697786753908334,104.0,250768.22358750002,7.167564084625,347211.7102833334,9.743255742033332,326884.6547625,9.570282266491668,376823.41212500003,9.961536338250001
2013,Barnet,374770.610075,4.485720691833333,397.5833333333333,281831.08699166664,3.9247349036666663,377495.87655,4.343027112500001,310675.23335833335,4.126078411333334,429537.04583333334,4.484007278333334
2014,Barnet,430363.35122500005,14.796103256916666,421.5,324279.88704166666,15.027982484166666,433635.8118,14.8331315375,358190.35493333335,15.257263612416665,491911.3151499999,14.483176762333335
2015,Barnet,478687.94987499993,11.346728132583335,427.0833333333333,359957.749625,11.122958582916665,482442.1343583334,11.373968568833332,398257.6459833334,11.308589904916666,547297.0345083333,11.373658267583332
2016,Barnet,525939.5773,9.932416589083333,424.9166666666667,396327.1795916667,10.150786439083333,529998.3305166668,9.920044349833333,438455.50974999997,10.149822300166667,600442.3848166666,9.775643591583334
2017,Barnet,538281.0170083334,2.3091323821666667,335.6666666666667,409564.33592499996,3.2438921151666666,541907.681825,2.2188916884166665,450279.41653333325,2.630809575666666,612813.9735166667,2.044306457416667
2018,Barnet,533216.0924999999,-0.9326472899166666,326.3333333333333,401467.8890083334,-1.969834233833333,537040.4723583334,-0.8897024291666669,444350.96679166664,-1.30924785325,609653.3155166667,-0.5061413963333333
2019,Barnet,521293.3252250001,-2.231043539833333,317.1666666666667,389406.3497083333,-2.9954421797500004,525313.4938583333,-2.1789845435833333,433245.1182499999,-2.492302590833334,597950.13265,-1.9167257265
2020,Barnet,525757.268125,0.8810505399166665,270.0833333333333,386117.01459999994,-0.8195464129166666,530081.7593416668,0.9321634015,433725.41094166663,0.13477168274999998,608024.3011916666,1.7095659005000001
2021,Barnet,550561.1689258333,4.714871777133333,390.25,396563.0032775,2.713193429691667,555571.8685025,4.805456268433334,450706.3621825001,3.9174912509666675,642357.9180525,5.636522125533333
2022,Barnet,588883.2175583333,6.995399284333332,279.8,415128.8576008333,4.693574114991667,595153.196,7.160056493216668,478559.7353633333,6.198505926716667,692473.2689416666,7.861199477075
2013,Bexley,213470.261625,5.392835553083334,281.5,151491.39256666668,4.382150129416667,215989.28787500004,5.5448086847499995,191495.57378333333,5.3594687221666675,231805.29532500004,5.583697823583333
2014,Bexley,244459.43775000004,14.455819348333334,328.6666666666667,173265.46963333336,14.318332538416668,247425.7586083334,14.493098457999999,219596.21957500002,14.614111885833331,265170.05022499996,14.331627826333333
2015,Bexley,274209.28096666664,12.264892249833332,328.5,193484.6187916666,11.779587141166663,277566.76190833334,12.277963708500002,246164.027575,12.198559937166669,297585.7650833333,12.315954803416666
2016,Bexley,321563.508775,17.3738949475,285.6666666666667,227178.10169166667,17.468711757500003,325488.86162499996,17.371851923333335,288836.0900833334,17.432451412499997,348830.88998333336,17.330171664166667
2017,Bexley,335694.4689583333,4.500322598083333,273.25,240583.0337,5.898699374083335,339610.78854999994,4.447501395000001,302197.3926833333,4.7030656986666655,363343.3111,4.287893425500001
2018,Bexley,342672.76000833337,2.0942801208333335,254.91666666666666,241685.37257500002,0.48777156483333334,346969.60437500005,2.18195851675,307686.13330000004,1.8350636691666666,371885.18325,2.3632024451666664
2019,Bexley,336872.5015583333,-1.6812674673333332,251.08333333333334,234512.75466666662,-2.962402053,341247.7926833333,-1.63735762575,301785.15712499997,-1.9082582285000003,366551.2962250001,-1.4206564073333332
2020,Bexley,343326.4484583333,1.9247833809166668,228.91666666666666,233986.247075,-0.21336882958333306,348066.94287499995,2.007058261833333,306555.3808083334,1.5898612228333333,374980.53539166664,2.3081708690833334
2021,Bexley,365463.45867749996,6.440128028874999,322.5,243383.23199333335,4.016324941291666,370919.24417333334,6.557290036383333,325230.30196250003,6.085759730583334,400728.92160583334,6.857132932900001
2022,Bexley,396090.71356750006,8.360752125508332,221.8,255491.42568833334,4.963538234091667,402873.39292583335,8.594805483166668,351098.2484025,7.933098164108333,436271.55862666667,8.851924645308335
2013,Brent,339655.6131583333,8.143147001583335,205.41666666666666,274629.99661666667,7.603179286416666,340276.34157499997,7.772568386166668,289296.42945833335,7.52267452975,393073.0271583333,7.899397541416666
2014,Brent,394687.482225,16.18602137666667,248.66666666666666,318810.53485833335,16.074480787499997,395406.07545000006,16.185682348333334,336572.08145,16.3259807625,456276.48951666657,16.062369318333335
2015,Brent,440951.66538333334,11.830764753666664,260.5,355405.9649416667,11.597265682749999,441824.35118333326,11.847285884916666,375848.254275,11.781395289916665,509958.2121333334,11.871528256833335
2016,Brent,489469.4183666667,11.067883175666665,249.33333333333334,395094.78380833333,11.20848478075,490396.24098333326,11.060253587916668,417917.5971916667,11.250106610833333,565189.6504833334,10.903178264750002
2017,Brent,487703.75437499996,-0.36065333975,185.25,397291.37348333333,0.4940482301666669,488129.06405,-0.45635771858333335,417686.3952583333,-0.08899788533333335,561384.5740916666,-0.6424881710833333
2018,Brent,492936.85917500005,1.0852404958333337,166.25,397769.0173250001,0.1394182671666664,493823.95395833324,1.1780159784166666,420445.54829166667,0.6751003261666666,570690.9730583333,1.6671150330833333
2019,Brent,474597.7162833333,-3.723950405583333,144.83333333333334,381250.746575,-4.16433963975,475406.58439166663,-3.732572286416666,404489.17466666666,-3.802019682333334,550089.1209083333,-3.6078624984166665
2020,Brent,487681.14773333335,3.0001730765833337,137.25,386925.83781666664,1.7475057469166668,488635.5239916667,3.02622457275,413972.11815833324,2.5956387847499998,568593.7219083334,3.5963194050000005
2021,Brent,512710.6881791666,5.427686012108334,194.41666666666666,401578.06462416664,4.071500407908333,513828.141265,5.452170950566667,433322.9527891667,4.967874342983333,601603.8606808333,6.104389450716666
2022,Brent,545353.8712308333,6.354989113508332,145.6,421253.04178416677,4.914007257141667,547139.2810408333,6.4707026050500005,458566.22041249997,5.8241865961583335,644307.9364550001,7.075497366266667
2013,Bromley,296669.20405833336,5.1665756620000005,457.1666666666667,200910.67468333337,4.345902189166666,298732.17927499994,5.371506790833333,236199.81556666663,5.215343107416666,337295.74483333336,5.3657562985833325
2014,Bromley,347857.24826666666,17.144821143333335,514.0833333333334,235190.16860833333,16.958445117500002,350247.2973749999,17.134364755833335,277724.48894166667,17.47151307,394839.8608666667,16.950742776833334
2015,Bromley,385681.4501083333,11.095091043083334,504.5,260152.1177083333,10.839860027916666,388308.6897083333,11.090644504666665,308051.8856916667,11.143027775583333,437663.34899166663,11.066322456666663
2016,Bromley,428008.11998333334,11.072034668666667,437.25,289037.6860583333,11.166172410500002,430875.2472583333,11.06012622675,342424.5887583333,11.250699914833334,485246.2769916667,10.972299427166666
2017,Bromley,441218.58528333326,3.083055205166667,400.5,301134.0069916666,4.131286484,444028.1676,3.054312366583334,353723.5639916667,3.2767623735,499413.19594166667,2.9274557205
2018,Bromley,443416.58335000003,0.5060407305833331,387.3333333333333,297786.4413833333,-1.0951038728333333,446522.68275,0.5695578791666667,353826.14751666674,0.040315942250000014,503847.59875000006,0.8932887030833334
2019,Bromley,436228.65628333326,-1.6221316479999999,388.75,290212.2139583333,-2.54272863575,439438.9299416666,-1.587487857666667,347317.10596666666,-1.84003938725,496655.68680833344,-1.4286327644999999
2020,Bromley,435047.9044416666,-0.26935132933333333,357.3333333333333,284541.5862,-1.9482407934166666,438667.65860833327,-0.17440791008333348,344603.19696666667,-0.7787871126666664,497699.34136666666,0.2099945559166667
2021,Bromley,465616.0683841666,7.039412329049999,494.4166666666667,296866.7628775,4.349722395058333,469837.0659649999,7.118462790016667,366124.1306733333,6.260823578441666,536431.8855941667,7.792278238324999
2022,Bromley,501487.63431999995,7.671442527783334,356.6,310611.7820116666,4.615500351791666,506646.53236916667,7.801104175716667,391506.3368775,6.902602609516666,581529.7854825,8.375116685308337
2013,Camden,667447.5587416668,13.907295399083333,244.16666666666666,601101.5476083333,13.654512553083334,675358.3561999999,13.21192341758333,567044.8816833333,13.260626769416666,776277.5313666667,13.482538523333334
2014,Camden,756486.4726166666,13.3233549275,231.66666666666666,682292.9459083333,13.488811575,765419.4600083334,13.318949577500002,644384.3189416667,13.619732514999997,877779.1305,13.060623405000001
2015,Camden,787440.9329,4.1571999355,207.25,710714.3632833333,4.22923346375,796606.4293999999,4.142033656833333,671998.2275833333,4.347529025833333,912065.8531749999,3.9743164053333344
2016,Camden,807118.9619583334,2.7024779668333334,183.08333333333334,729544.6986583333,2.8477094513333334,816380.8378166667,2.6857359594166668,690830.6397916666,3.009073424083333,932304.6280166666,2.419637947083333
2017,Camden,839347.4762083334,4.464606062333333,182.91666666666666,760611.4747666667,4.7086755309166675,848356.8961833334,4.3937491392500005,718596.2476583333,4.442984022083333,969526.9762583337,4.50884966175
2018,Camden,842186.9274249999,0.43175736266666637,153.41666666666666,760838.3163666666,0.12319868366666668,851311.58315,0.4420509679166667,719905.9958083333,0.2745676618333334,975068.0371249999,0.6661650219166666
2019,Camden,848157.5951500001,0.7809698945,136.83333333333334,764638.9257583335,0.5766309944166669,857700.7459833332,0.8234512542500001,724664.2140666667,0.7381325191666667,982697.3030833333,0.8460573563333336
2020,Camden,833570.0387166667,-1.6140510695833334,136.58333333333334,747715.2421083335,-2.1106339229166666,843210.2088666665,-1.5829667245,710034.6970250001,-1.9163910565833335,971977.7855416667,-0.9789475667499999
2021,Camden,832806.9603116666,0.006411652058333346,187.66666666666666,742089.1109283334,-0.6526298527916672,841949.0752558332,-0.05379939979166689,707001.5560091669,-0.32657538578333334,977374.7636683333,0.6471173701749997
2022,Camden,856415.5964708333,2.9769460063166666,147.0,758026.149005,2.2714405389,865157.8690158332,2.8974921141083336,723954.9843191667,2.5292703570333335,1012862.5799300001,3.7947057388666665
2013,Croydon,234439.87946666664,5.667448507833334,404.3333333333333,174517.90011666666,4.79566950525,235970.94833333336,5.725666262833333,198359.85897499998,5.45349151475,276712.1250083333,5.844562096166668
2014,Croydon,274827.41510000004,17.155090503333337,500.8333333333333,204279.35177500002,16.989164874166665,276632.45910000004,17.15884408333333,233047.36822499998,17.416770266666667,323772.61007500003,16.933453625000002
2015,Croydon,307064.07943333336,11.800256464416664,480.5,227692.67215833333,11.536856895333331,308997.4727333333,11.771731566666666,260318.27305,11.775688990333336,361848.40969999996,11.827060274833334
2016,Croydon,355846.80933333334,15.978566453333336,442.6666666666667,264228.3031333334,16.096069809166668,358015.8170833333,15.956065600250001,301958.32858333335,16.078288288333336,418941.63766666665,15.879343487333335
2017,Croydon,372554.48416666663,4.810761061166667,417.9166666666667,279927.2395083334,6.021196302916667,374718.72121666675,4.784133918833334,317000.1400666667,5.080482464666666,437238.12768333335,4.499439657416667
2018,Croydon,370288.3534083334,-0.5934371605,349.25,274485.49580833333,-1.9238267685,372664.47599999997,-0.5335492259166666,313869.41266666667,-0.9707338030833333,436718.86910833325,-0.10612350483333328
2019,Croydon,365937.216425,-1.1652103375,349.1666666666667,268522.3258333333,-2.1623205066666666,368384.60681666667,-1.1385653359166668,309413.4275,-1.409853898416667,433018.98306666664,-0.8368622895000001
2020,Croydon,374646.00525,2.3794855080000006,306.0833333333333,270365.69240833336,0.6878478605833332,377282.82635,2.415053546333333,315548.095425,1.982782377083333,445458.0634416667,2.8716615928333327
2021,Croydon,394395.0633991666,5.269178839333333,444.25,277860.8212558334,2.7763294474583327,397336.95422250003,5.313195619049999,330214.3251641667,4.648305682566668,472166.64019833336,5.989670573133334
2022,Croydon,419130.58261666674,6.2630405184999995,317.1,286925.05762083334,3.25821232685,422594.7103508333,6.347537580983334,348829.10560166667,5.6273691668416665,505229.19387,6.998062855783332
2013,Ealing,338088.966475,6.0893002615,320.6666666666667,273833.5155916666,5.393194632500001,337100.8164,6.070937711916667,298802.4997166667,5.860727236500001,378477.10984166665,6.16201952625
2014,Ealing,400039.3317583333,18.26808162,291.8333333333333,323543.40633333335,18.10269773916667,398984.39930833335,18.301426744166665,354441.5981583333,18.5649685475,446812.0268083333,17.9997613825
2015,Ealing,438310.5197416667,9.604175027416664,305.75,353804.684225,9.396159409583333,437184.94084999996,9.611215086916667,388435.87068333337,9.629257281083332,489459.7508749999,9.581404926666666
2016,Ealing,476440.73730833334,8.958813398166665,264.6666666666667,385128.6032583334,9.065197337083333,475159.041525,8.948676330499998,422807.8806416667,9.105867464083333,531371.3661916667,8.824454478666668
2017,Ealing,484592.165825,1.7176855131666668,232.25,396127.08869999996,2.79794582725,482710.51553333335,1.6022416398333335,430723.65612500004,1.8542028364166665,539386.6033249999,1.5378471243333334
2018,Ealing,480086.3304583334,-0.9134366348333337,233.08333333333334,388261.9988416667,-1.9674629366666665,478374.33552499994,-0.88169771875,425727.2272083333,-1.14310634875,535870.8363166666,-0.6358033829166668
2019,Ealing,472145.3270666666,-1.644113749,228.5,378627.882125,-2.473486933416667,470565.0660833334,-1.6224467208333333,417717.9198416667,-1.8717421035833333,528417.9272833333,-1.380303645583333
2020,Ealing,479742.24219166674,1.6284997506666665,194.5,379449.9686083333,0.24237383191666664,478331.99441666674,1.6698828208333334,422843.0570666667,1.2490124755,539532.0694999999,2.119407103666667
2021,Ealing,505879.4837666666,5.46384920785,301.8333333333333,393046.18610000005,3.5963850208166668,504747.5895508334,5.538180813733334,444204.9485441666,5.067154324949999,571706.7053508334,5.979388436466667
2022,Ealing,528448.1449841667,4.447963501125,222.1,402576.79396499996,2.416373385916667,527818.3357774998,4.557400485191667,462066.56830750004,4.007371752266667,600418.1642250001,5.011452208700001
