data.csv
Year,RegionName,AveragePrice,12m%Change,SalesVolume,FlatPrice,Flat12m%Change,MortgagePrice,Mortgage12m%Change,FTBPrice,FTB12m%Change,FOOPrice,FOO12m%Change
2013,Enfield,261604.35586666665,5.620970609916667,284.6666666666667,192573.35423333335,4.787223110833333,264827.4462416666,5.819539401,229898.956425,5.683675916333333,294208.18578333344,5.827888407583333
2014,Enfield,294515.79323333333,12.520860183999998,325.3333333333333,216723.6496583333,12.485023730083334,298232.1897,12.553263312083331,259663.10962499995,12.885948883916667,330391.17879166664,12.239405486666667
2015,Enfield,335503.49974166666,13.952293249999999,314.25,246599.08682499998,13.8261848,339658.07790833333,13.927808647500001,295714.74317499995,13.92412426,376462.0970666667,13.9757310425
2016,Enfield,385489.80545833334,14.987987690333332,269.9166666666667,283824.60925,15.145960772499999,390235.0380250001,14.980773712,340082.5624333333,15.087423884416665,432187.17063333327,14.896145156166668
2017,Enfield,395929.17661666666,2.73183327625,235.75,294959.251825,3.8973358700000005,400757.7564416667,2.721567598666667,349614.6474166667,2.806106498,443462.00372499996,2.6514127209166665
2018,Enfield,396564.4381833333,0.19153231600000006,213.33333333333334,291209.70556666673,-1.2315024040833336,401608.3821166666,0.243453805,349506.69184166664,0.0021152767499999503,445109.4365416667,0.4004342111666666
2019,Enfield,392439.0311916666,-1.0393354424999999,215.58333333333334,285101.209125,-2.0980270045833334,397691.38109166664,-0.974282765,345326.97346666665,-1.19518523125,441325.93036666675,-0.8487448219166667
2020,Enfield,396768.9974916666,1.1073231610833334,180.83333333333334,282710.4920083334,-0.8274275294166666,402405.2525333333,1.1887028895833331,347803.45702499995,0.72252722125,448321.9168083333,1.58734536125
2021,Enfield,423745.14697833336,6.813993052441666,296.9166666666667,295084.4604666667,4.388733803675,430038.4114141666,6.882395839608333,369937.3867983333,6.380056018341666,481305.06237500004,7.3700076366000005
2022,Enfield,449852.02987499995,6.146993781950002,214.9,304013.9270208333,3.0265685379500002,457065.68227250007,6.270234464375,391003.3850391667,5.681906070808334,513778.0667016667,6.733592105858333
2013,Greenwich,253399.260875,6.916537928250001,294.5,219525.60722500004,6.5207273095,255736.36612500003,6.562429520833334,227502.0503,6.421145016333334,291854.89342499996,6.790664722749999
2014,Greenwich,298351.4582083333,17.702045508333338,385.4166666666667,257456.26289166664,17.251543689999995,301057.71883333335,17.683486764166666,268102.29268333333,17.809692201666667,343253.98905833333,17.572065150000004
2015,Greenwich,331848.8085583333,11.293073957499999,358.4166666666667,286024.92704166664,11.163481625333333,334913.6423833333,11.310870319000001,298055.32844166673,11.241563273083331,382055.04878333333,11.364411427083335
2016,Greenwich,372737.74,12.488573027416669,316.8333333333333,321885.4189166667,12.663996857833334,376062.222875,12.456234304416666,335217.0906833334,12.622189470916664,428396.71457500005,12.314202233166666
2017,Greenwich,391749.94482499996,4.875205174916666,294.6666666666667,341900.94856666675,5.925648986750001,395125.77625000005,4.851474333083333,353654.15220833337,5.241086499999999,448054.4530166667,4.406995292583333
2018,Greenwich,388387.5124833333,-0.7926679178333335,291.25,335651.8624666667,-1.75340722025,391938.3640166667,-0.7405915321666666,349890.1764083333,-0.9948067806666665,445691.976975,-0.46735117333333326
2019,Greenwich,393212.30066666676,1.2378970305833332,279.75,337969.16676666663,0.6900313055833335,396694.48180833325,1.2090663668333332,353835.64875833335,1.12431300675,452123.07937500003,1.43686967225
2020,Greenwich,397126.32229166664,1.0316293619166665,216.83333333333334,337437.47410000005,-0.12026264783333325,400978.69396666664,1.1159465117499998,356321.2090333333,0.7389826844999999,459064.1083083334,1.5706327884166662
2021,Greenwich,403647.0932483333,1.6550629973583335,296.6666666666667,338509.80072916666,0.32406729186666666,407866.4643725,1.7319044498333336,361004.28788666666,1.324958548758333,469404.10166833334,2.2700643306
2022,Greenwich,428974.13605083333,6.306612689958333,201.3,355358.30727416667,5.023249361783334,433613.17968,6.3441428442,382825.840505,6.081896129583334,500697.0474816666,6.691064368516667
2013,Hackney,372668.9015333333,14.448689445666666,226.66666666666666,343044.245475,14.138784066499996,372606.8606166667,14.363536414166667,352528.2564,14.39595595225,393900.34902500006,14.330895340166665
2014,Hackney,456388.4434583334,22.524105639166663,243.16666666666666,420096.598125,22.523355274166665,456401.3348916667,22.546873082499996,431989.63768333336,22.599560585833334,482056.05285833334,22.4402251825
2015,Hackney,506798.9910999999,11.103263903166665,243.5,466307.6770583333,11.056542949999999,506905.16647500003,11.123120549416669,479698.09752500005,11.102946763583335,535299.5516916666,11.101060118416667
2016,Hackney,537746.3464333334,6.34283505025,204.66666666666666,495251.1788000001,6.431731430166667,537823.4053583335,6.338262770250001,509248.9687166666,6.394004285249999,567705.5543666666,6.293091307833333
2017,Hackney,549005.5639916667,2.4465632345833335,189.91666666666666,507816.4625583333,2.8603832916666665,548820.2443499999,2.4041378756666667,520524.3510083333,2.5460881398333335,578679.185775,2.3054668629166666
2018,Hackney,544644.92935,-0.6467023989166665,166.58333333333334,502280.8795999999,-0.9484301482499999,544310.3569250001,-0.67470266775,516150.29991666664,-0.6942587358333335,574572.1095583334,-0.5594397084166668
2019,Hackney,554909.28,1.9279563269999997,197.16666666666666,510377.6420666667,1.6577046094166665,555023.0644916667,2.01245361975,525084.4015666667,1.7748454320833336,587103.0832333333,2.22314613125
2020,Hackney,582893.3500333334,5.065188901749999,142.83333333333334,533566.7735583334,4.5662410131666675,583686.8186499999,5.18595769575,550697.6950083334,4.899745268416667,618540.3256916668,5.377652630166666
2021,Hackney,591597.5418974999,1.5215276974333332,231.75,538967.1784166666,1.0341586932916667,592117.3340466667,1.4755831282000003,558074.4109608333,1.3660905351166666,629594.0539133333,1.8179642292833333
2022,Hackney,630725.0525916667,6.654510707941665,163.0,572051.5377966666,6.184602053599999,630216.5808158333,6.475849228666668,594384.0449066666,6.551253793458333,672673.2131941667,6.876608156041667
2013,Hammersmith and Fulham,631529.1711500001,11.555834575833336,251.08333333333334,548750.5006833334,11.139727995333333,632081.0096250002,11.615441074416665,554671.4458333333,11.414780702416664,689583.1106000001,11.777129552333335
2014,Hammersmith and Fulham,721099.8527,14.178176438333331,239.16666666666666,627498.165925,14.351353755,721864.8701333334,14.198378915833333,634811.8063916668,14.445951783333333,785731.195525,13.935526180833335
2015,Hammersmith and Fulham,760833.6371083334,5.671107231250001,204.0,662135.5773250001,5.678426057166668,761781.6494166666,5.691355266833333,670588.5152083334,5.79395956625,828237.091075,5.5728244075
2016,Hammersmith and Fulham,755097.3830916667,-0.6814320372499999,183.58333333333334,658486.3927,-0.4876289359999997,755690.3123250002,-0.7262415045833336,666855.451825,-0.4835393890000003,820914.7990416666,-0.8117265354166667
2017,Hammersmith and Fulham,756900.4163833334,0.3098234205000001,179.16666666666666,663758.6901416668,0.8209944150833333,757086.7539750001,0.26475930275,668340.706175,0.26180329416666664,822641.7523583336,0.30367038750000014
2018,Hammersmith and Fulham,725725.4939166666,-4.092978693,185.66666666666666,633476.0485583333,-4.5350015355,726108.5204916666,-4.065950656249999,639264.8045916667,-4.323918914,790883.7858166668,-3.835336674250001
2019,Hammersmith and Fulham,717794.663575,-1.0751234231666669,158.91666666666666,624174.1176083334,-1.4523812471666666,718519.0845833332,-1.0273684785000001,630972.5047833334,-1.2803646711666665,784277.5176916667,-0.8168143575833332
2020,Hammersmith and Fulham,726979.6455166666,1.2748605780833333,160.83333333333334,628207.6263750001,0.6420325695833333,728064.498575,1.3234274789166667,637085.7894666666,0.9651355600833335,797024.1379083333,1.6189523511666666
2021,Hammersmith and Fulham,761918.6943833333,4.801802498833332,209.41666666666666,652545.914875,3.8842897658500006,762417.5981908332,4.715726069558333,664945.2285566666,4.377538250675001,839450.7481275001,5.308080917375
2022,Hammersmith and Fulham,766414.1471441666,0.7851532080916669,160.3,650988.8867241667,-0.05760687732499977,766404.5039616666,0.7135700000916665,666105.9894933332,0.35993692607500005,848618.5308241667,1.3027527400000005
2013,Haringey,372233.57327500003,9.5607624905,222.08333333333334,321048.368175,9.137438052999999,373939.7945166666,9.645726258416666,331534.78069999994,9.382898087500001,415459.28626666666,9.7239574895
2014,Haringey,435807.73738333344,17.059178926666664,243.83333333333334,375059.00622499996,16.810613503333332,437814.1844666667,17.06171624083333,389686.878575,17.519614450833334,484921.2121083333,16.70006291416667
2015,Haringey,480636.0830833332,10.355997075916667,230.41666666666666,412991.2485749999,10.181930051333334,482815.46296666673,10.349003303833333,430328.76172500005,10.497426981333334,534176.2674333333,10.229179714666666
2016,Haringey,527676.6110500001,10.020971236416667,191.0,454162.00202500005,10.169952450249998,529993.2656416667,10.006758455416668,472808.60699166666,10.112189138916667,586013.2340333333,9.931225776833333
2017,Haringey,557306.89,5.758870529583334,163.0,484026.36096666666,6.700272891333334,559379.1879083334,5.690162552666664,498914.9057416666,5.646575974999998,619383.69685,5.855970743333333
2018,Haringey,551552.9007166667,-1.0166636449999997,170.83333333333334,474438.0798499999,-1.9635592224166667,553839.0565083333,-0.9746449445833331,493034.4178,-1.1620986295833335,614184.1579833335,-0.8245211349166667
2019,Haringey,546173.954875,-0.9644763591666665,165.33333333333334,466265.419575,-1.709617837666667,548582.6530416666,-0.9384921339166667,486988.709175,-1.2150949066666665,610191.9721083334,-0.6398691006666667
2020,Haringey,557247.5689,2.0130985904166665,150.33333333333334,470056.2037500001,0.8049048948333334,559752.74765,2.021794368083333,494683.6049166667,1.5684615258333334,626509.2979833332,2.6552321162499997
2021,Haringey,573295.5623450001,2.951359141416667,227.33333333333334,476209.9300475,1.3671144128416666,575745.6584366667,2.92904371915,507068.9980941667,2.5716169255916674,648325.7067458333,3.5596830820166656
2022,Haringey,597034.5621541666,4.159412245025,161.0,487631.62009249994,2.42378874365,599928.84772,4.219327971249999,526417.0538283334,3.83499819195,678404.4957083333,4.6592330659
2013,Harrow,319397.7050083333,4.747857459333333,214.5,228631.03913333334,4.0317025918333345,322344.007975,4.699669810916666,267215.83019166667,4.54141522925,358114.47773333336,4.792201224583334
2014,Harrow,360795.8076,12.895210005833334,233.58333333333334,258314.83287499993,12.920940591166664,364372.49930833344,12.971335198833335,302796.56815833336,13.2493767235,403691.9911083333,12.660956510166665
2015,Harrow,408604.42836666666,13.307199095833333,258.9166666666667,291898.644975,13.074289400833331,412703.8636333333,13.320891656666667,342981.96014166664,13.331858738333333,457114.7066166668,13.287087085000001
2016,Harrow,453862.3088083333,11.186517126833335,197.41666666666666,325156.4020583334,11.457535807416667,458349.0632583333,11.174095578916665,381760.94367500005,11.406233255750001,507077.39545833325,11.047205850916667
2017,Harrow,470763.42229166673,3.8325147466666665,175.16666666666666,341111.641025,4.923003428416666,475002.9590416667,3.7514211350833335,397309.17205,4.148974777833334,524462.6827833335,3.558089459416667
2018,Harrow,465902.2014833333,-1.0082181267499999,186.33333333333334,333456.30262500007,-2.2144097149166666,470531.069625,-0.9175993469166667,391914.5217916667,-1.33188311,520652.93316666665,-0.7030889566666666
2019,Harrow,449287.21502500004,-3.5577963425833325,201.5,318839.73409999994,-4.366774542916666,454141.0260583334,-3.4754236174999993,377094.26708333334,-3.7698921635,502998.38869166677,-3.384870593583333
2020,Harrow,455395.99895833334,1.3640899603333334,142.75,317301.5805333333,-0.47141769941666656,460724.54039166664,1.4537940363333333,380411.63833333325,0.88693849675,512606.7004,1.9116395796666668
2021,Harrow,485247.28533916664,6.567614933483334,202.75,331620.46797666664,4.521841676866667,491360.02377583337,6.662042747008335,403151.00390000007,5.9911794578499995,549297.1507,7.168655663300001
2022,Harrow,520740.64720666665,7.319384171425001,153.0,347303.21726249997,4.765439079316667,528263.9404991666,7.515331797624999,429743.0001175,6.611130887033333,593322.1148974999,8.012777953225
2013,Havering,226428.81703333333,2.16893151425,297.8333333333333,148342.89188333333,1.0389727076666668,228107.24784166669,2.30436954875,192331.01318333333,2.0871570809166666,257691.23356666672,2.35461421975
2014,Havering,259267.27329166664,14.438368554666667,353.8333333333333,169740.15750833333,14.365415721166668,261236.24241666668,14.458705786083334,220668.97513333333,14.670418172416666,294597.9157,14.257066905500002
2015,Havering,291844.8191166667,12.623974139166668,349.0,190579.98688333333,12.345271691916667,294025.1409916667,12.611108807499997,248291.49328333334,12.577858077500002,331724.47490833333,12.659962440000001
2016,Havering,341803.8938,17.16483890083333,314.8333333333333,223189.53945833328,17.124097705,344337.2906333334,17.159122871666664,291001.3800416666,17.244304718333336,388292.3033833333,17.102064603333336
2017,Havering,360479.24213333335,5.540060806666666,300.0,237885.68240833338,6.593827672583333,363007.8226333333,5.500040832583333,307370.33535000007,5.685426828333334,408814.08573333337,5.374215043833334
2018,Havering,370303.4207166666,2.7472142170833336,293.25,240088.87886666667,0.9553639138333336,372952.684475,2.7617967711666664,314563.35678333335,2.3635541580833337,421576.67947499995,3.142289981916667
2019,Havering,364635.5589166667,-1.52549244225,265.4166666666667,233230.10490833336,-2.856256462833333,367235.8714333333,-1.5279297699166665,308936.98970833333,-1.7851707280833333,416322.80721666664,-1.2389000754166666
2020,Havering,369250.57149166666,1.2686606092500001,251.58333333333334,231126.370525,-0.8952250510833334,372010.27795,1.30305428875,311785.3457333333,0.9256108439166665,423245.15973333333,1.664900445
2021,Havering,390562.4818533335,5.770507963916667,390.25,238231.54588916668,3.080439300775,393742.09082833334,5.8402867836166665,328459.17433,5.348726237566666,449793.3005708333,6.268707640283334
2022,Havering,422054.62866333337,8.045982691033332,246.7,249223.81284416668,4.606416551433333,426012.3040041667,8.177817881891666,353606.30285333336,7.636643549649999,488221.3649208334,8.530318177933333
2013,Hillingdon,270594.76212500007,3.8828851260833335,279.5833333333333,183245.07510833337,3.12041080625,272725.0948416667,4.176082934666667,226798.264575,4.0209360510000005,312032.14481666667,4.256360418166667
2014,Hillingdon,305781.9476,12.946439682416667,319.25,206957.78349166666,12.887923847083334,308233.59102500003,12.962134003583332,256842.86836666663,13.190409846583334,351972.47414999997,12.742547744583334
2015,Hillingdon,352748.34532499994,15.3893780975,319.9166666666667,237933.38276666668,15.008668554166668,355623.4332083333,15.404659207500002,296071.58748333337,15.307783240000001,406273.51514166663,15.45395605583333
2016,Hillingdon,400791.48638333334,13.76804059041667,285.5,270512.64898333343,13.79216958175,404063.0107583333,13.772015352166667,336840.7017916666,13.908635438333333,461117.97916666657,13.655845929499998
2017,Hillingdon,413586.547825,3.275075156416667,275.9166666666667,282307.94875000004,4.379618256833334,416849.70845833333,3.2498510237500002,348300.1293916667,3.457592736916667,474771.2648666666,3.0656063164166665
2018,Hillingdon,410267.16215,-0.7964140225833333,251.58333333333334,276414.55396666663,-2.08121669975,413661.6166416667,-0.7585644432499999,344455.91938333336,-1.0979071373333333,472458.52425,-0.48023587891666675
2019,Hillingdon,404350.69546666666,-1.4231045764166665,247.0,269648.800075,-2.4369124467499996,407765.18168333336,-1.4064568800000001,338698.77175,-1.65484866525,466774.51018333336,-1.1811954370833335
2020,Hillingdon,409892.8818833334,1.3914653380833333,208.08333333333334,267796.1536583333,-0.6589226344999998,413552.7645916667,1.4398459305,341946.91620833334,0.9817952978333332,475559.3654416667,1.90023445625
2021,Hillingdon,429262.55316083337,4.738240250725,307.9166666666667,274848.72481083334,2.644436464983333,433303.4478916666,4.788495119158333,356799.10647749994,4.356001169483333,500195.1738591667,5.192781700724999
2022,Hillingdon,457588.16704333335,6.580539639575001,213.3,286479.05084666674,4.237901837241667,462322.09773833334,6.678475012683333,379219.52032416663,6.26847191305,535118.9270791666,6.962300679308334
