data.csv
Year,RegionName,AveragePrice,12m%Change,SalesVolume,FlatPrice,Flat12m%Change,MortgagePrice,Mortgage12m%Change,FTBPrice,FTB12m%Change,FOOPrice,FOO12m%Change
2013,Hounslow,290577.28955000004,8.422618741666666,237.5,234381.5920083333,7.757385347833334,289898.46673333336,8.268530477083335,260992.86435000002,8.185705580333332,331292.3039333334,8.430755101583333
2014,Hounslow,324525.8537,11.633641634333335,277.9166666666667,261175.90573333335,11.39175871,324166.3305583334,11.768154232166667,292096.44267500006,11.867087004916668,369142.54216666665,11.376510155250001
2015,Hounslow,351438.0741666667,8.421390644416666,277.75,282264.75210833334,8.208993252166666,351225.83069166663,8.47597969525,316223.96679166664,8.392042541583333,399900.276175,8.456797457333334
2016,Hounslow,386462.0389749999,10.084957199333333,245.33333333333334,310913.156475,10.233235262500001,386187.34705,10.078281714999997,348149.48278333334,10.208313130416666,439119.5206666666,9.9345863285
2017,Hounslow,400904.53366666666,3.5344146248333335,221.66666666666666,325300.62761666666,4.353372606249999,400284.24201666674,3.45644668275,361962.0339666667,3.731701408666666,454202.2202249999,3.2727104905833335
2018,Hounslow,396697.4345,-1.0222039412500004,191.91666666666666,318414.84524999995,-2.089931126,396330.69118333334,-0.9606386357500002,357271.4815166667,-1.2688385651666665,451037.3343749999,-0.6689413627500002
2019,Hounslow,401792.39535000006,1.3076174309166666,170.5,320271.9371583333,0.6144356207500001,401451.02789166657,1.3148531870833333,361327.0348416667,1.1606356193333334,457842.92632499995,1.5288537033333334
2020,Hounslow,412815.97435,2.7381376704166667,152.33333333333334,324222.0573583333,1.2298402095,412362.967425,2.7134187580833333,370064.8345916667,2.413511924166667,472669.779925,3.2320726930833334
2021,Hounslow,423457.76040083333,2.668111245708334,213.16666666666666,327107.32449833327,0.9727072480666664,423161.28974250006,2.708019472691667,378387.9034641666,2.3381404919916666,487097.520575,3.14448276155
2022,Hounslow,443926.79384083324,4.862403460758333,156.8,335473.7819591667,2.6207778166416666,444217.15874833334,5.004389592141667,394934.73921749997,4.411473444466666,513698.99831833324,5.478319932441667
2013,Islington,495766.17051666667,12.163564022083335,249.83333333333334,441987.50497499993,11.851240763583334,490173.4376333333,11.8635985265,467839.0708583333,11.745639868166668,523353.59768333327,12.017384269166667
2014,Islington,585171.3108083333,18.08095755916667,239.66666666666666,522272.30505,18.21429766416667,578730.2226583334,18.11212049166667,553745.1713916666,18.406695700833335,616254.8406416667,17.800903340833333
2015,Islington,643147.90565,10.054684433750001,198.5,574252.6643166667,10.095924107166667,636187.0578083333,10.075819331916666,608593.4010583333,10.056797721666667,677293.278525,10.047956797083332
2016,Islington,642137.1610083333,-0.12616672158333334,195.0,573959.5375416667,-0.021524940000000048,635235.9773833334,-0.11783352858333329,607780.9932416667,-0.10222419433333331,676069.0787416666,-0.1500593264999999
2017,Islington,650114.6291916667,1.49303960825,141.16666666666666,583114.3036333333,1.8166995315833327,643196.5767916667,1.508463752916667,615355.4543416667,1.4837319245833334,684547.0218666666,1.517032357
2018,Islington,649532.9482333333,-0.04843325833333332,146.0,580801.7434250001,-0.3524360994166667,642441.36865,-0.0753626864166667,614405.6459333333,-0.11268064991666661,684569.8453333334,0.04361935691666641
2019,Islington,633485.723775,-2.4250021600833334,156.16666666666666,564759.2371833334,-2.7170338215833336,626660.6834583334,-2.410763526916667,598151.6930999999,-2.6012897841666667,669439.6090166668,-2.1627212615833336
2020,Islington,661212.7341916667,4.368265167416667,145.91666666666666,586200.6149583334,3.7891217135000006,654963.0257083332,4.507374279666667,622273.2739416666,4.0252277046666665,702689.0420416668,4.955483109000001
2021,Islington,687173.3400566666,3.9377310637833336,188.33333333333334,605502.0956608333,3.3092223734833333,680755.3942941667,3.9488863293833334,644999.0703683334,3.6666863245416663,733771.1481816666,4.4293069020416675
2022,Islington,713668.0165575001,3.952668593175,152.0,625108.4573508335,3.3233553401000004,706128.4810541668,3.826200500075,668807.5598508333,3.7788068446916667,764427.1246058332,4.295041518033334
2013,Kensington and Chelsea,1126572.6998333333,11.698088890583335,220.5,976521.6852416666,11.441489294999998,1126819.8065833333,11.454009382499999,971496.239125,11.153177222333333,1291726.2765,11.576879941583334
2014,Kensington and Chelsea,1288405.6689166664,14.394864781666664,225.33333333333334,1120782.01175,14.802590160833333,1289905.4975833332,14.503450129166668,1115346.4969166666,14.835420253333332,1471777.7003333333,13.970360456
2015,Kensington and Chelsea,1302102.7248333332,1.279457072416667,181.5,1135116.32275,1.498968516583333,1304229.7001666666,1.3281548230833333,1129908.352083333,1.5239218055000003,1484173.4394166667,1.057092699916667
2016,Kensington and Chelsea,1276235.1040833332,-1.9289458330833333,152.25,1117365.6169166665,-1.5051001646666666,1278149.43725,-1.9411802306666666,1112342.0814166667,-1.4960329440000002,1448807.61625,-2.3262400202499998
2017,Kensington and Chelsea,1344539.7319166667,5.338675944083334,130.41666666666666,1183347.7838333333,5.862000272083333,1346257.3475833333,5.318437280416665,1174773.0656666667,5.558291774333333,1522309.928,5.0985576345000005
2018,Kensington and Chelsea,1363802.1595833332,1.6014597437500002,110.5,1195299.1485833332,1.169630114083333,1365174.9762499998,1.5726568355,1189446.6017500001,1.4153692159166666,1547278.0362500001,1.8122212327500005
2019,Kensington and Chelsea,1235956.6325833332,-9.281018078,117.0,1080636.7785,-9.505227453083332,1237435.5079166666,-9.262044536916667,1077284.4723333332,-9.338540549,1403239.1154999996,-9.213347385583331
2020,Kensington and Chelsea,1320567.7573333334,6.952109084499999,110.66666666666667,1145793.0208333333,6.140181904666666,1323415.1881666665,7.053477732666667,1145892.0945833332,6.47540699225,1507521.92275,7.537506544833334
2021,Kensington and Chelsea,1326602.7602083334,0.547940480866667,159.58333333333334,1137877.4956999999,-0.6038100500916667,1330247.8691916668,0.608156257216667,1144039.6270416668,-0.06904577599166613,1525144.8032666668,1.2572508531999995
2022,Kensington and Chelsea,1428917.6078833332,8.594253280483334,145.7,1212232.6316583331,7.3229454463,1433752.531025,8.66527812195,1224999.3211833334,7.900745690699999,1653778.11285,9.381055248725001
2013,Kingston upon Thames,345739.1485416666,6.537441196833334,230.33333333333334,254147.16634999998,6.065197809333333,349030.87905000005,6.649486333333333,289573.09450833336,6.505577518,378207.84939166665,6.69441856225
2014,Kingston upon Thames,406106.38467500004,17.413577681666666,254.83333333333334,297874.18391666666,17.16399843416667,410125.8441666667,17.4562483575,340659.36675,17.596617631666664,443800.17394999997,17.2952405055
2015,Kingston upon Thames,438002.50040833344,8.002760593833331,218.83333333333334,320760.18375,7.8319265011666666,442328.28927499993,8.003231950916666,367378.5170583334,7.992716650666668,478710.9021416667,8.01504218775
2016,Kingston upon Thames,483333.44675000006,10.406646605583335,184.58333333333334,354554.17641666665,10.569664722166666,488038.7704166666,10.392085306499999,406033.68941666675,10.573454268916668,527843.9934,10.323652338333334
2017,Kingston upon Thames,492318.5643499999,1.8704059081666664,167.25,364204.940475,2.702145013833334,496652.3419833333,1.7804593245833333,414871.40876666666,2.1629225521666666,536451.4013166666,1.6554567271666671
2018,Kingston upon Thames,497031.3300083334,0.9576595069999998,174.5,362398.189825,-0.49511296791666676,501776.3420416666,1.0322064111666664,416980.85641666665,0.5081227555000001,543499.7586916665,1.3152034754166668
2019,Kingston upon Thames,486646.5155666666,-2.076581738166667,182.25,351186.08422500006,-3.0764640736666666,491507.08146666666,-2.0337436682499996,407076.79353333334,-2.360855169666667,533433.1857,-1.8405483328333332
2020,Kingston upon Thames,490709.37420833326,0.8687692653333334,147.5,346418.83310833335,-1.3230590788333334,496342.65483333333,1.0174030033333334,407362.4746833334,0.10462248450000011,541713.3015416666,1.5850178725
2021,Kingston upon Thames,513249.7284508333,4.593084747241666,224.75,354657.37641583337,2.3924828221166665,519349.2484416666,4.634715851758333,423602.92768916674,3.991495082933333,569782.6887391667,5.1762984449500005
2022,Kingston upon Thames,545396.0091983333,6.241934770099999,164.7,367878.79245166667,3.7142574098416663,552502.2282608333,6.361763338766667,447361.50250750006,5.586118476933334,608956.5121416667,6.857258446175
2013,Lambeth,362965.72145833337,10.785775093083332,411.25,318037.50454999995,10.403465403249998,363698.1625916667,10.569840817166666,323107.5143333333,10.34025278975,427664.52320833324,10.90345703875
2014,Lambeth,433624.91085000004,19.545246260833334,414.4166666666667,380027.7151833333,19.576513038333335,434555.7280333333,19.55891134166667,386486.5220166666,19.695527989166667,510031.6171166667,19.335069609166666
2015,Lambeth,471614.02079166664,8.788859700000001,387.25,413137.30178333336,8.739296673500002,472580.06114999996,8.778632101666668,420418.13792499993,8.807416339333333,554585.8091666666,8.763798437916668
2016,Lambeth,514562.329175,9.303095566333335,330.1666666666667,451282.59660000005,9.414452506,515599.17625,9.301115268416668,459325.298375,9.442827398416666,603936.009225,9.106377142666666
2017,Lambeth,518503.5381416667,1.035087597333333,319.6666666666667,457017.97162500006,1.5105180361666666,519512.8155999999,1.0310857975,464327.1105416666,1.3306010294999997,605838.9494583333,0.6231731134999998
2018,Lambeth,511582.14695,-1.2943410244999998,279.0833333333333,448949.15690833336,-1.7221861955833333,512546.57865833334,-1.3006059149166667,457200.2195916667,-1.4925738690833332,599537.109625,-1.0020295303333333
2019,Lambeth,507846.74603333324,-0.6949682190833332,282.0833333333333,443960.2719,-1.0737048744166668,508846.47319166665,-0.6874489986666666,453095.8536166667,-0.8613631055000002,596697.5949499999,-0.44029352991666676
2020,Lambeth,526815.7140333335,3.725404633083333,256.9166666666667,457368.80275833333,3.013138097666667,528191.9013583333,3.791316602583333,468358.171975,3.3604203222500004,622410.7077833334,4.296358372833333
2021,Lambeth,532032.601525,1.0746452113833334,365.3333333333333,458020.1811458333,0.22047021099999997,533331.6298299999,1.0590953698249999,471078.26885999995,0.66103058775,632751.6927483332,1.751725723475
2022,Lambeth,547621.9125608333,2.9614628395083336,277.7,467188.0975566667,2.0358943607583333,548480.8208008333,2.8720236440166667,482820.7049383333,2.525679687933333,655929.7706216666,3.692884898158334
2013,Lewisham,260815.06643333336,8.351364413333334,351.5,220606.45729999998,7.925468891333334,262187.0188833333,8.086836874666666,228017.68582500002,7.8919784305833325,310553.8955666667,8.260680043666667
2014,Lewisham,315812.5943666667,21.1188198825,384.3333333333333,266410.44153333333,20.804735452499997,317481.79049166664,21.12112599166667,276365.20663333335,21.236660378333337,375534.7994083333,20.954388748333333
2015,Lewisham,355049.95376666664,12.527444044083333,366.8333333333333,299096.85062499996,12.371513493666667,356865.30768333335,12.50905259975,310665.281475,12.517109468499998,422224.90027499996,12.532795769166666
2016,Lewisham,402648.69100000005,13.518308384500001,333.6666666666667,339758.0414916667,13.67938905025,404631.7911666667,13.498073313916663,352795.83998333337,13.662840358416666,477984.08338333335,13.332667870333331
2017,Lewisham,411049.02487499994,2.1984020681666663,286.6666666666667,350122.78125,3.117828588583333,412916.0918333333,2.16413798,361697.4970083333,2.603270686666667,485096.5560666667,1.6417888604166668
2018,Lewisham,411530.10916666663,0.13713804600000004,278.8333333333333,347265.20129166666,-0.7942862190833334,413510.4311,0.16428853408333324,361073.8752833334,-0.15179299058333326,487780.61360833334,0.5732035479999998
2019,Lewisham,408627.2726833333,-0.7032531456666665,256.6666666666667,342265.39389166667,-1.43563086575,410560.5822666667,-0.7111238550833335,357798.43140833336,-0.9041959929166667,485892.0176083333,-0.3862314999166667
2020,Lewisham,422310.5642833334,3.350100924,233.66666666666666,348548.41949166666,1.8420611685833332,424782.06535000005,3.464915097916666,367966.9439083334,2.8460834731666664,506057.4845916666,4.147336151583334
2021,Lewisham,436827.91679833323,3.504857008175,319.3333333333333,355445.54586250003,2.030597778375,439392.4329858334,3.5085302113083334,379214.5063683333,3.1172197670416675,526692.5934974999,4.1545481383333325
2022,Lewisham,455847.576495,4.414708211791667,247.6,364282.18676333333,2.5565025918083335,458536.01257749996,4.4180862949833335,393776.016055,3.9047393944916666,554359.192435,5.3061145689249996
2013,Merton,344544.43434999994,8.755925653416666,270.5,262374.32043333334,7.881710956416666,339229.96833333327,8.5584838325,297448.1856083333,8.398869287999998,392158.818775,8.748039706583333
2014,Merton,419976.8252083334,21.823450835,262.25,319384.0734416667,21.663337796666667,413755.3322333333,21.8987784375,363497.38148333336,22.13762208,476841.679275,21.522046324999994
2015,Merton,457702.1092583334,9.08722821875,248.66666666666666,347338.3056583333,8.862629974750002,451070.87750833336,9.123503683500001,396461.78622499993,9.170993515333333,519308.6185416667,9.012457673666667
2016,Merton,500267.42485,9.567542756166667,217.41666666666666,380356.76050833333,9.721239176749998,493120.32208333333,9.592922192000001,434134.395575,9.764117005916665,566682.6033833334,9.395440495999999
2017,Merton,512185.8072166667,2.5316333355,208.75,393643.73119166674,3.5786818227500006,504571.7492416667,2.473339927916667,445586.88952500006,2.759159190666667,578756.1438416666,2.30473602475
2018,Merton,512712.90789166675,0.13027634558333326,190.91666666666666,388675.3698749999,-1.2220875113333334,505219.91252500005,0.15543933208333324,444808.9347833333,-0.14395696016666668,581066.07325,0.4230729832499998
2019,Merton,504816.91272499994,-1.46948826925,185.16666666666666,379081.3068166666,-2.4131829660833337,497586.6097166667,-1.4405010626666666,437078.0792666666,-1.6717739761666666,573389.56125,-1.2457658181666666
2020,Merton,524124.8265750001,3.8831669642499995,166.16666666666666,387143.7435833333,2.2021447191666663,516950.2878750001,3.9493735075000003,451878.156775,3.451163540333333,598145.6607083332,4.368538432833334
2021,Merton,547742.1092975001,4.560984582891668,257.5833333333333,395402.71097416664,2.188672080833333,540348.1409899999,4.582832380183333,469975.43352749996,4.062041193025,628563.6082233334,5.136898645041667
2022,Merton,571839.1326250001,4.423882629966667,188.8,401657.53687,1.604478898541667,564489.1893874999,4.491693328933334,487946.99569916655,3.8442274786,660339.33738,5.0874082176
2013,Newham,222784.25043333336,4.682240675,198.83333333333334,212736.93186666665,4.247971627166667,221116.6870083333,4.582962185583334,217777.27835000004,4.568538613,227405.19201666667,4.54162261175
2014,Newham,258312.26291666666,15.856230654666668,253.75,245241.52621666665,15.197285391166666,256444.34479166663,15.885466522833333,252560.25575833334,15.880773803333332,263613.42017500004,15.831339266083333
2015,Newham,297558.14183333336,15.389552515833332,256.8333333333333,282249.0042166666,15.282534436666667,295444.36954999994,15.402313970833333,291025.9500333333,15.4234060875,303570.3397666667,15.356711950833335
2016,Newham,347956.886925,17.020915095833335,246.33333333333334,330299.98983333335,17.07366249416667,345399.173925,16.99494172833333,340439.1533333334,17.065446196666667,354875.0305416666,16.981254510000003
2017,Newham,362131.544175,4.21913821825,310.0833333333333,348107.2592333333,5.51076329225,358929.0263083333,4.0747348665,354083.65335000004,4.150693827916666,369477.4784249999,4.2627839485
2018,Newham,359175.82167499996,-0.812164298916667,264.5833333333333,342891.619975,-1.49264573925,356409.2654166667,-0.6980232284166666,350892.18548333325,-0.8973222442499998,367013.55949166673,-0.6627289269166666
2019,Newham,363956.0870583334,1.3712933564999998,177.16666666666666,345376.9491416667,0.7591892970833335,361418.2299,1.4486729886666667,355060.9709083333,1.2275371949166667,373130.63441666664,1.7086557067500001
2020,Newham,373780.22085,2.7153007888333334,147.25,350902.92852500005,1.6203873489999998,371156.72729166667,2.709639672,364351.505625,2.6334719412500007,383918.3462,2.9054266402500004
2021,Newham,385776.90260750003,3.232052899958333,191.25,358137.525415,2.083383388791667,383199.62893750006,3.266679766325,375762.9293549999,3.1541260407,396921.38373083336,3.4102738357999995
2022,Newham,411539.083285,6.709066357058333,132.7,378121.9899808333,5.623565672199999,408683.1972941666,6.680914527091667,400644.3239933333,6.654209574724999,423921.05305083335,6.829783941516667
