data.csv
Year,RegionName,AveragePrice,12m%Change,SalesVolume,FlatPrice,Flat12m%Change,MortgagePrice,Mortgage12m%Change,FTBPrice,FTB12m%Change,FOOPrice,FOO12m%Change
2013,Redbridge,274824.94430833333,3.342693223,248.75,197305.12123333334,2.2167812495833332,278747.21070833335,3.7532859175833333,237089.2299833333,3.454101552583333,305611.52894166665,3.851250352333333
2014,Redbridge,304162.4709416667,10.641452858666666,307.75,218174.497925,10.545932210666669,308533.81042500003,10.652199144666668,262840.0435166667,10.827512026666668,337808.92130833335,10.5019924945
2015,Redbridge,343795.29410833336,13.009428767500003,288.6666666666667,246281.42435833334,12.873395983333332,348768.672975,13.019631350000003,297031.35865,12.989966214166666,381875.2841,13.022418092500002
2016,Redbridge,391837.31334999995,14.115052317249999,255.33333333333334,280886.14559166663,14.148130801166666,397493.0577416667,14.113921213749999,338908.318625,14.231219537666668,434898.609225,14.032093177666665
2017,Redbridge,410300.1586249999,4.874435138,230.5,297322.82948333333,5.9706169117500005,415889.2996083333,4.794233826083333,355586.3173083333,5.065094121666666,454543.2331916667,4.692992462416666
2018,Redbridge,422497.29115,2.988407548,211.58333333333334,301500.932675,1.4244675207500002,428679.3034833334,3.091196148083334,365055.9183,2.6785987637499997,469465.8619833333,3.298753044333333
2019,Redbridge,411324.3676583334,-2.63870457875,201.91666666666666,290351.707275,-3.692489386583334,417480.2681666666,-2.606534479416667,354630.57063333335,-2.8499502968333332,458193.5493083334,-2.3955485641666665
2020,Redbridge,422986.82443333324,2.8512656999166666,162.0,292969.7739,0.9212475265833334,429804.39755833335,2.967996798416667,363649.68951666664,2.5599478443333337,472809.5790666666,3.2050514310000007
2021,Redbridge,454152.82770833344,7.3755895828249995,258.25,307539.77139500005,4.985282842558333,461844.3125208333,7.462095620791666,389028.9223483333,6.988757125108333,509807.55039,7.829743711966667
2022,Redbridge,475712.61267583334,4.7470126500916665,181.9,312769.7189516667,1.698307484783333,484533.16825583344,4.912582872275,405600.5928091667,4.256574816974999,536889.7347458333,5.3168810128583335
2013,Richmond upon Thames,492115.70464166655,8.175952178333334,301.75,346025.4115583334,7.394488924250001,495431.33660833345,8.152410802666667,392963.15612500004,7.823473657,557999.4821166666,8.332551855
2014,Richmond upon Thames,577055.3170916666,17.157368312583333,288.8333333333333,406492.6885583333,17.375674666166667,580865.7496000001,17.141105218499998,462443.84355000005,17.57992280191667,652827.1403666666,16.890698154916667
2015,Richmond upon Thames,618778.06755,7.463091443000001,271.5,435649.0042416666,7.4046385629166664,622799.3403500001,7.454042131083335,496605.1429416667,7.617954755833332,699432.8256583334,7.373152927916666
2016,Richmond upon Thames,653760.8185333333,5.800241942333333,243.25,461672.65678333334,6.09516010975,657977.0438083333,5.796786416583333,526145.6977,6.089356908333333,737838.3140416667,5.64103000925
2017,Richmond upon Thames,665284.6743083332,1.9511188805833333,230.0,474290.2921833333,2.8492279299999996,668985.0225666666,1.86546616925,537148.9333083333,2.2362329353333332,749205.0979916666,1.7536933001666668
2018,Richmond upon Thames,652274.0112500001,-1.9545245912500002,219.33333333333334,459466.863575,-3.1171677394999997,656431.2644250001,-1.8757803320000004,524747.8658416667,-2.305086589916667,736387.80015,-1.7113674294166665
2019,Richmond upon Thames,648647.4926333333,-0.5209518155,211.75,452836.3563833333,-1.4169726249999999,653138.1332166666,-0.4660346089166667,519898.0905333333,-0.8930799917500001,734203.9251999999,-0.25880183441666677
2020,Richmond upon Thames,681175.3355916667,5.0285470514999995,198.75,467860.4106333333,3.3381269895000005,686502.5075083334,5.121687426416666,542439.4210416666,4.352398202833333,774719.4808416668,5.529873934499999
2021,Richmond upon Thames,710852.9486541668,4.347089321183333,291.75,476843.7599624999,1.9253953569749997,716754.8346233334,4.396545208149999,560669.1481291667,3.3587006415083334,814334.6753666666,5.097069574875
2022,Richmond upon Thames,753456.0071350001,6.103137064216667,226.9,493470.0812474999,3.551998629666667,760323.0177716668,6.1882667808333345,589664.2222616667,5.255863608991667,868126.3082733332,6.738600589091668
2013,Southwark,360749.83675,8.95159937425,356.75,313801.62080000003,8.609797532166667,359768.07988333335,8.751530559916667,316008.98480000003,8.5554856835,432795.605675,9.057044109999998
2014,Southwark,427767.4137666667,18.541003423333333,332.5,372131.5337916667,18.557200180833338,426647.5432166666,18.552028041666667,375246.828275,18.709889254999997,512024.16400833335,18.269024018333333
2015,Southwark,467867.51874166663,9.494828394916667,338.0,407022.9880249999,9.494378815583335,466719.74055,9.5127756645,410501.575775,9.517575411249998,559800.8059333332,9.44914980225
2016,Southwark,510331.26198333333,9.205300984750002,302.0833333333333,444607.4862166667,9.348930758083336,509031.98614999995,9.198265003333335,448513.49215,9.380932087750002,609214.64095,8.968092120833333
2017,Southwark,515883.33217499993,1.1425577844166666,296.6666666666667,451625.7763750001,1.598660725583333,514239.4764583334,1.08591645,454847.7107333333,1.43684144725,612899.847175,0.70063574575
2018,Southwark,504224.9766916667,-2.1742406748333334,301.0833333333333,439475.330475,-2.5983447183333332,502699.0360416667,-2.1586003084999996,443540.52941666666,-2.3960486763333333,601253.8649583333,-1.8206543923333331
2019,Southwark,498929.56520833325,-1.0020263048333333,266.3333333333333,433509.8843916667,-1.30652235775,497658.77687500016,-0.9549960529999999,438300.9282166666,-1.1309205435833336,596359.3057666667,-0.7691168206666666
2020,Southwark,511817.3218916667,2.580330609333333,188.75,441916.08864166675,1.939310180416667,510470.52657499997,2.5716368885833334,448199.20907499996,2.25766372275,615382.8145833333,3.183037490583333
2021,Southwark,511817.9490091666,0.08222706291666682,273.5833333333333,438596.6015649999,-0.6814629490833334,510383.2878791667,0.0656584073333335,446656.40844333335,-0.2696976935000001,619377.0531083333,0.745152760666666
2022,Southwark,543121.8983333333,6.261047401383332,226.5,461580.17032,5.39529956645,541534.5694016665,6.251972983058333,472214.2131591667,5.875508587883334,661635.7179516667,6.951868784666666
2013,Sutton,252002.84394166665,5.487342023333333,250.5,182984.82435,4.656749157,257407.65576666666,5.769714714999999,213181.31454166668,5.518476955833333,295098.53976666665,5.911824638750001
2014,Sutton,291132.0562583333,15.447836587500001,287.3333333333333,211214.353525,15.352253985000003,297512.320475,15.500040341666669,246805.60528333334,15.693584872499997,340319.0902916666,15.244195187499999
2015,Sutton,322932.13844166667,11.043963145500001,283.8333333333333,233782.47555,10.812352215083331,330049.65122500004,11.058269709916665,273657.744675,11.003950452833331,377624.2967333333,11.07993596225
2016,Sutton,365303.13083333336,13.174263221000002,272.6666666666667,264810.79314166674,13.300086497583335,373231.6089666667,13.139322757583335,309950.737625,13.309918769916663,426667.83035833325,13.046520669416667
2017,Sutton,376924.5835916666,3.1727213460833332,251.5,275608.04575,4.027270961083334,384835.6932583333,3.1077356887499996,320308.2099083333,3.313455075083334,439528.4601916667,3.024445172
2018,Sutton,379294.3369666667,0.63841491925,223.25,273421.88958333334,-0.7747592958333334,387497.62811666675,0.7014119522499999,321127.48532499996,0.26797771724999997,444212.78585000004,1.0725615088333333
2019,Sutton,371597.25646666664,-2.0124246346666665,212.75,265525.66569166665,-2.876495283583333,379869.7499416666,-1.9515874883333335,314136.4326333333,-2.1625777355833335,436040.3969083333,-1.8193216574166666
2020,Sutton,378749.1953916666,1.9257560326666667,191.25,265672.1687916666,0.0611050316666667,387528.25177500007,2.0169471650833333,318673.33425,1.4464925429166666,447047.9457166667,2.5240694403333332
2021,Sutton,402213.7752475,6.199708229725,276.1666666666667,275523.75025833334,3.7178152808250005,411970.2790133334,6.311578062150001,336570.932625,5.623045678483333,478002.77170916664,6.925297468666667
2022,Sutton,434299.9195758333,7.959738380366666,200.1,289178.61616,4.94710399805,445496.03485833335,8.119833606483333,361546.8817475,7.402065738225001,519327.2909975,8.631624792750001
2013,Tower Hamlets,309051.04095833335,8.19228033925,369.1666666666667,301189.44505,8.093616451166666,308101.7988416666,8.413569010583332,300422.30294166674,8.269042678666667,317638.97266666667,8.486784762583333
2014,Tower Hamlets,382241.6889,23.892044671666667,431.6666666666667,372340.08975833334,23.83520509,381067.30385,23.889895828333334,372013.77869999997,24.036643129166666,392465.4935833334,23.769625900833336
2015,Tower Hamlets,421943.8370166667,10.453039348250002,348.5833333333333,410895.97790833336,10.420353628166668,420613.944725,10.445387742666666,410530.4541,10.423449040750002,433351.5139833333,10.48116281925
2016,Tower Hamlets,457129.597725,8.434930938499999,383.4166666666667,445325.69215,8.47122998475,455577.90754166665,8.40913323075,444717.91085833334,8.422847996666667,469531.27272500005,8.445444933916669
2017,Tower Hamlets,459279.0601583333,0.48848539166666666,297.0,448102.5905583333,0.62980748125,458114.97235833335,0.5827876626666667,446469.88119166665,0.40439513450000003,472088.053725,0.5704487266666668
2018,Tower Hamlets,446503.87823333335,-2.7314318975000003,271.1666666666667,435239.3183000001,-2.8220807531666665,444845.3445833333,-2.847311953,434134.12520000007,-2.7129248427500006,458858.7533749999,-2.7519378693333336
2019,Tower Hamlets,438641.66092500003,-1.6981223416666662,276.4166666666667,427129.2016333332,-1.8001659913333332,437040.06905000005,-1.6930567085833337,426168.205,-1.7718152416666664,451582.86585833336,-1.5235982278333335
2020,Tower Hamlets,466055.8603,6.292736611083334,241.66666666666666,452865.7113083334,6.068399880666667,464967.64710833336,6.432680321666667,452847.8842416667,6.301041732583333,479659.52869999997,6.266595718916666
2021,Tower Hamlets,451453.3699283334,-3.0949596421666663,333.1666666666667,438010.18274416664,-3.24633291875,450443.04334166663,-3.0832306929166666,438678.00792333327,-3.09103197975,464550.26223249995,-3.1113568113333336
2022,Tower Hamlets,477436.42593416665,5.969910110233333,235.2,462642.83653333335,5.842973790133333,476103.43460333324,5.910475009824999,463846.83469250007,5.956843585391667,491452.8404966667,5.994059056608333
2013,Waltham Forest,254265.26544166662,10.159463210333334,242.08333333333334,206752.2568,9.273569150916666,253757.20396666668,10.145996227333331,242021.30290833337,10.06838579475,264847.43809999997,10.124910373916666
2014,Waltham Forest,314934.3971,23.71545968083333,297.1666666666667,255241.04057500002,23.316127153333337,314298.7895333333,23.7122384725,299908.1081166667,23.773382700833334,327912.260175,23.666321190833333
2015,Waltham Forest,357513.365125,13.713864135333331,291.1666666666667,289046.08255000005,13.443441213333335,356654.4491416666,13.673193495166666,340364.09197500005,13.684213588249998,372328.40987500007,13.738331000583331
2016,Waltham Forest,413149.2707083333,15.737851599999999,256.1666666666667,334444.56082499993,15.827674014166668,412092.47356666665,15.719266450833333,393416.77865,15.759939717499998,430192.43629166664,15.719594484166665
2017,Waltham Forest,436116.5025,5.714297710500001,232.75,357056.2571833332,6.8829022840833325,434932.87044166675,5.6990568125,415440.04287500004,5.739872963166667,453938.7296416668,5.686094154499998
2018,Waltham Forest,440887.46558333334,1.101675755416667,234.83333333333334,356573.634075,-0.12843619900000008,439737.4557666667,1.1125101285833332,419692.3873916667,1.0312390071666666,459269.0748583334,1.1820205498333332
2019,Waltham Forest,430727.7043500001,-2.2901397405,228.83333333333334,344564.9114083334,-3.352689779583333,429609.14960833336,-2.2890213486666666,409174.2487083333,-2.49254462325,449974.1819833333,-2.008642397166667
2020,Waltham Forest,451232.55518333334,4.7663656275,189.5,353844.3790416667,2.7115961965000004,449981.9559,4.747961121,426936.9467666666,4.350272758083333,474049.5696,5.351611891250001
2021,Waltham Forest,476498.60359333333,5.681275991783333,299.75,367099.0249325,3.8069421950750004,475288.2984916666,5.705201013691667,449830.6626408333,5.443228397775001,502511.69534999994,6.087687007966665
2022,Waltham Forest,499945.59812333324,4.935689386183333,206.9,376559.4169083333,2.612772900525,498890.77675333334,4.980946261733334,470597.3471866666,4.637201435558333,529640.3562075,5.405044382899999
2013,Wandsworth,457404.06346666673,11.725667643416665,522.0833333333334,392747.7120250001,11.256481658833335,457751.26201666665,11.532984508750003,398673.6488,11.352983285416668,530043.9057,11.702219675
2014,Wandsworth,544515.000825,19.090674019999998,505.3333333333333,467906.00858333334,19.186735271666667,544868.2077416667,19.0765472675,475549.4822666666,19.33019169416667,629487.555,18.806110679166665
2015,Wandsworth,572691.1646083334,5.3029362361666665,494.0,491811.5738916667,5.2336653640833335,573083.0401416667,5.306568392916666,500040.94475833344,5.278171665916667,662224.4489416666,5.329490147583333
2016,Wandsworth,608740.9070833334,6.351680121833335,444.0,523867.72276666673,6.565481689750001,609052.6633,6.334553171999999,532734.6086583334,6.59027411325,702193.5122583335,6.097920730249999
2017,Wandsworth,617921.4753,1.5199158069166672,431.5,535104.2149666668,2.113183626916667,617827.7363916667,1.4616830224166666,542673.1200166667,1.83455955175,710088.7688583332,1.1822659225833334
2018,Wandsworth,596632.2728833334,-3.417864265,394.6666666666667,514038.64351666666,-3.904166786416667,596710.0661916666,-3.39090847125,522730.57036666665,-3.64429085375,687592.2397500001,-3.1439196489166665
2019,Wandsworth,587915.1707666666,-1.4568457690833334,384.5,503940.615775,-1.9582532710833334,588275.0325666666,-1.4101174310833333,513918.02625000005,-1.6806540908333336,679491.0015833332,-1.175274848916667
2020,Wandsworth,610148.3563583334,3.798612460333334,344.5833333333333,517843.4435583334,2.777561351916667,611560.9086916667,3.9748288795000004,530926.25935,3.327633215666667,709447.7174166666,4.4232860829166665
2021,Wandsworth,608578.0982,-0.25917046672500005,483.75,510858.8375475001,-1.3461801226083334,609890.489475,-0.27543895919166655,526479.2584183333,-0.8367196164833333,713153.74035,0.5171793747
2022,Wandsworth,644624.60636,5.949937519966666,371.1,535328.4350616666,4.811894239558334,646077.8504075,5.961198749116666,554731.1239116667,5.387269353816666,760695.5553825,6.7031469984416665
